500 0

--- Chunk 1 ---
Metadata: {index=0, id=4122}
This is a simple document without headers to test code block chunking.

Here's a Java code block:



--- Chunk 2 ---
Metadata: {index=1, language=java, id=4123, type=code_block}
```java
public class SimpleClass {
    private String name;

    public SimpleClass(String name) {
        this.name = name;
    }

    public String getName() {
        return name;
    }

    public void setName(String name) {
        this.name = name;
    }
}
```


--- Chunk 3 ---
Metadata: {index=2, id=4124}

And here's a Python code block:



--- Chunk 4 ---
Metadata: {index=3, language=python, id=4125, type=code_block}
```python
def hello_world():
    print("Hello, World!")
    return True

def main():
    hello_world()

if __name__ == "__main__":
    main()
```


--- Chunk 5 ---
Metadata: {index=4, id=4126}

And a code block without language:



--- Chunk 6 ---
Metadata: {index=5, language=unknown, id=4127, type=code_block}
```
This is a code block without language specification.
It should still be treated as a code block.
```


--- Chunk 7 ---
Metadata: {index=6, id=4128}

This is the end of the document.
