500 0

--- Chunk 1 ---
Metadata: {"id": "449","index": "0"}
# Document Title

This is the introduction to the document with some basic content.

## Long Section Header

This section contains a very long piece of text that should span multiple chunks when processed with the default chunk size of 500 characters. Lorem ipsum dolor sit amet, consectetur adipiscing elit, sed do eiusmod tempor incididunt ut labore et dolore magna aliqua. Ut enim ad minim veniam, quis nostrud exercitation ullamco laboris nisi ut aliquip ex ea commodo consequat. Duis aute irure

--- Chunk 2 ---
Metadata: {"header": "Long Section Header","id": "527","index": "1"}
 dolor in reprehenderit in voluptate velit esse cillum dolore eu fugiat nulla pariatur. Excepteur sint occaecat cupidatat non proident, sunt in culpa qui officia deserunt mollit anim id est laborum.

Sed ut perspiciatis unde omnis iste natus error sit voluptatem accusantium doloremque laudantium, totam rem aperiam, eaque ipsa quae ab illo inventore veritatis et quasi architecto beatae vitae dicta sunt explicabo. Nemo enim ipsam voluptatem quia voluptas sit aspernatur aut odit aut fugit, sed quia

--- Chunk 3 ---
Metadata: {"header": "Long Section Header","id": "567","index": "2"}
 consequuntur magni dolores eos qui ratione voluptatem sequi nesciunt. Neque porro quisquam est, qui dolorem ipsum quia dolor sit amet, consectetur, adipisci velit, sed quia non numquam eius modi tempora incidunt ut labore et dolore magnam aliquam quaerat voluptatem.

--- Chunk 4 ---
Metadata: {"id": "570","index": "3"}


At vero eos et accusamus et iusto odio dignissimos ducimus qui blanditiis praesentium voluptatum deleniti atque corrupti quos dolores et quas molestias excepturi sint occaecati cupiditate non provident, similique sunt in culpa qui officia deserunt mollitia animi, id est laborum et dolorum fuga. Et harum quidem rerum facilis est et expedita distinctio.

### Subsection


--- Chunk 5 ---
Metadata: {"id": "573","index": "4"}

This is a subsection under the long section. It also contains substantial content that may span chunks. Nam libero tempore, cum soluta nobis est eligendi optio cumque nihil impedit quo minus id quod maxime placeat facere possimus, omnis voluptas assumenda est, omnis dolor repellendus. Temporibus autem quibusdam et aut officiis debitis aut rerum necessitatibus saepe eveniet ut et voluptates repudiandae sint et molestiae non recusandae.

## Another Section


--- Chunk 6 ---
Metadata: {"header": "Another Section","id": "575","index": "5"}

This is a shorter section to test the transition between different header levels and content lengths.

### Final Subsection

Brief concluding content.