500 50

--- Chunk 1 ---
Metadata: {"id": "42","index": "0"}
<!DOCTYPE html>
<html>
<head>
    <title>Large HTML Document with Div Tags</title>
</head>
<body>
    <div class="container">
        <div class="header">
            <p>This is a large HTML document that contains div tags and other unsupported elements that the HTML chunker may not handle specifically. The purpose is to test how the chunker behaves with content structured using div elements instead of semantic header tags.</p>

--- Chunk 2 ---
Metadata: {"id": "98","index": "1"}

        </div>

        <div class="main-content">
            <div class="section">
                <p>Lorem ipsum dolor sit amet, consectetur adipiscing elit, sed do eiusmod tempor incididunt ut labore et dolore magna aliqua. Ut enim ad minim veniam, quis nostrud exercitation ullamco laboris nisi ut aliquip ex ea commodo consequat. Duis aute irure dolor in reprehenderit in voluptate velit esse cillum dolore eu fugiat nulla pariatur.</p>

--- Chunk 3 ---
Metadata: {"id": "165","index": "2"}


                <div class="subsection">
                    <p>Excepteur sint occaecat cupidatat non proident, sunt in culpa qui officia deserunt mollit anim id est laborum. Sed ut perspiciatis unde omnis iste natus error sit voluptatem accusantium doloremque laudantium, totam rem aperiam, eaque ipsa quae ab illo inventore veritatis et quasi architecto beatae vitae dicta sunt explicabo.</p>
                </div>

                <div class="another-subsection">
                    

--- Chunk 4 ---
Metadata: {"id": "230","index": "3"}
 <p>Nemo enim ipsam voluptatem quia voluptas sit aspernatur aut odit aut fugit, sed quia consequuntur magni dolores eos qui ratione voluptatem sequi nesciunt. Neque porro quisquam est, qui dolorem ipsum quia dolor sit amet, consectetur, adipisci velit, sed quia non numquam eius modi tempora incidunt ut labore et dolore magnam aliquam quaerat voluptatem.</p>

--- Chunk 5 ---
Metadata: {"id": "297","index": "4"}

                </div>
            </div>

            <div class="article">
                <div class="article-header">
                    <p>Ut enim ad minima veniam, quis nostrum exercitationem ullam corporis suscipit laboriosam, nisi ut aliquid ex ea commodi consequatur? Quis autem vel eum iure reprehenderit qui in ea voluptate velit esse quam nihil molestiae consequatur, vel illum qui dolorem eum fugiat quo voluptas nulla pariatur?</p>

--- Chunk 6 ---
Metadata: {"id": "357","index": "5"}

                </div>

                <div class="article-body">
                    <div class="paragraph-group">
                        <p>At vero eos et accusamus et iusto odio dignissimos ducimus qui blanditiis praesentium voluptatum deleniti atque corrupti quos dolores et quas molestias excepturi sint occaecati cupiditate non provident. Similique sunt in culpa qui officia deserunt mollitia animi, id est laborum et dolorum fuga.</p>

                        

--- Chunk 7 ---
Metadata: {"id": "360","index": "6"}


                        <p>Et harum quidem rerum facilis est et expedita distinctio. Nam libero tempore, cum soluta nobis est eligendi optio cumque nihil impedit quo minus id quod maxime placeat facere possimus, omnis voluptas assumenda est, omnis dolor repellendus.</p>
                    </div>

                    <div class="more-content">
                        

--- Chunk 8 ---
Metadata: {"id": "438","index": "7"}
 <p>Temporibus autem quibusdam et aut officiis debitis aut rerum necessitatibus saepe eveniet ut et voluptates repudiandae sint et molestiae non recusandae. Itaque earum rerum hic tenetur a sapiente delectus, ut aut reiciendis voluptatibus maiores alias consequatur aut perferendis doloribus asperiores repellat.</p>

                        <div class="nested-div">
                            

--- Chunk 9 ---
Metadata: {"id": "504","index": "8"}
 <p>Sed ut perspiciatis unde omnis iste natus error sit voluptatem accusantium doloremque laudantium, totam rem aperiam, eaque ipsa quae ab illo inventore veritatis et quasi architecto beatae vitae dicta sunt explicabo. Nemo enim ipsam voluptatem quia voluptas sit aspernatur aut odit aut fugit.</p>
                        </div>
                    </div>
                </div>
            </div>
        </div>

        <div class="sidebar">
            <div class="widget">
                

--- Chunk 10 ---
Metadata: {"id": "635","index": "9"}
 <p>Sed quia consequuntur magni dolores eos qui ratione voluptatem sequi nesciunt. Neque porro quisquam est, qui dolorem ipsum quia dolor sit amet, consectetur, adipisci velit, sed quia non numquam eius modi tempora incidunt ut labore et dolore magnam aliquam quaerat voluptatem.</p>
            </div>

            <div class="another-widget">
                

--- Chunk 11 ---
Metadata: {"id": "689","index": "10"}
 <p>Ut enim ad minima veniam, quis nostrum exercitationem ullam corporis suscipit laboriosam, nisi ut aliquid ex ea commodi consequatur? Quis autem vel eum iure reprehenderit qui in ea voluptate velit esse quam nihil molestiae consequatur, vel illum qui dolorem eum fugiat quo voluptas nulla pariatur?</p>
            </div>
        </div>

        <div class="footer">
            

--- Chunk 12 ---
Metadata: {"id": "743","index": "11"}
 <p>At vero eos et accusamus et iusto odio dignissimos ducimus qui blanditiis praesentium voluptatum deleniti atque corrupti quos dolores et quas molestias excepturi sint occaecati cupiditate non provident. Similique sunt in culpa qui officia deserunt mollitia animi, id est laborum et dolorum fuga.</p>
        </div>
    </div>
</body>
</html>
