500 50

--- Chunk 1 ---
Metadata: {index=0, id=70}
<!DOCTYPE html>
<html>
<head>
    <title>Sample HTML Document</title>
</head>
<body>
    <h1>Sample HTML Document</h1>
    <p>This is a test HTML file to demonstrate the chunking functionality.</p>

    <h2>Introduction</h2>

--- Chunk 2 ---
Metadata: {index=1, heading1=Sample HTML Document, id=71}

    <p>Lorem ipsum dolor sit amet, consectetur adipiscing elit. Sed do eiusmod tempor incididunt ut labore et dolore magna aliqua. Ut enim ad minim veniam, quis nostrud exercitation ullamco laboris nisi ut aliquip ex ea commodo consequat.</p>

    <h3>Background</h3>
    <p>Duis aute irure dolor in reprehenderit in voluptate velit esse cillum dolore eu fugiat nulla pariatur. Excepteur sint occaecat cupidatat non proident, sunt in culpa qui officia deserunt mollit anim id est laborum.</p>

    

--- Chunk 3 ---
Metadata: {heading2=Main Content, index=2, id=78, heading1=Sample HTML Document}
<h2>Main Content</h2>

    <h3>Section 1: Getting Started</h3>
    <p>Sed ut perspiciatis unde omnis iste natus error sit voluptatem accusantium doloremque laudantium, totam rem aperiam, eaque ipsa quae ab illo inventore veritatis et quasi architecto beatae vitae dicta sunt explicabo.</p>
    <p>Nemo enim ipsam voluptatem quia voluptas sit aspernatur aut odit aut fugit, sed quia consequuntur magni dolores eos qui ratione voluptatem sequi nesciunt.</p>

    <h3>Section 2: Advanced Topics</h3>

--- Chunk 4 ---
Metadata: {heading2=Main Content, heading3=Section 2: Advanced Topics, index=3, id=84, heading1=Sample HTML Document}
<h3>Section 2: Advanced Topics</h3>
    <p>Neque porro quisquam est, qui dolorem ipsum quia dolor sit amet, consectetur, adipisci velit, sed quia non numquam eius modi tempora incidunt ut labore et dolore magnam aliquam quaerat voluptatem.</p>

    <h4>Subsection 2.1</h4>
    <p>Ut enim ad minima veniam, quis nostrum exercitationem ullam corporis suscipit laboriosam, nisi ut aliquid ex ea commodi consequatur?</p>

    <h4>Subsection 2.2</h4>

--- Chunk 5 ---
Metadata: {index=4, heading1=Sample HTML Document, id=90}
<h4>Subsection 2.2</h4>
    <p>Quis autem vel eum iure reprehenderit qui in ea voluptate velit esse quam nihil molestiae consequatur, vel illum qui dolorem eum fugiat quo voluptas nulla pariatur?</p>

    <h2>Conclusion</h2>
    <p>At vero eos et accusamus et iusto odio dignissimos ducimus qui blanditiis praesentium voluptatum deleniti atque corrupti quos dolores et quas molestias excepturi sint occaecati cupiditate non provident.</p>

    <h3>Final Thoughts</h3>

--- Chunk 6 ---
Metadata: {heading2=Conclusion, heading3=Final Thoughts, index=5, id=92, heading1=Sample HTML Document}
<h3>Final Thoughts</h3>
    <p>Similique sunt in culpa qui officia deserunt mollitia animi, id est laborum et dolorum fuga. Et harum quidem rerum facilis est et expedita distinctio.</p>
    <p>Nam libero tempore, cum soluta nobis est eligendi optio cumque nihil impedit quo minus id quod maxime placeat facere possimus, omnis voluptas assumenda est, omnis dolor repellendus.</p>
</body>
</html>
