500 50

--- Chunk 1 ---
Metadata: {"header1": "Simple HTML Document","id": "18","index": "0"}
<h1>Simple HTML Document</h1>
<p>This is a basic HTML document without the full structure.</p>

<h2>Overview</h2>
<p>Lorem ipsum dolor sit amet, consectetur adipiscing elit. Vestibulum consequat, nisi ut consectetur cursus, mauris ante facilisis nulla, et tempor enim metus et nunc.</p>

<h2>Details</h2>

--- Chunk 2 ---
Metadata: {"header": "Details","header1": "Simple HTML Document","header2": "Details","id": "20","index": "1"}
<h2>Details</h2>
<p>Pellentesque habitant morbi tristique senectus et netus et malesuada fames ac turpis egestas. Donec auctor blandit quam.</p>

<h3>Subsection</h3>
<p>Cras vehicula rutrum lorem. Donec dignissim faucibus mauris. Proin vel arcu et pede cursus lobortis.</p>
