500 0

--- Chunk 1 ---
Metadata: {index=0, id=4499}
<!DOCTYPE html>
<html>
<head>
    <title>Very Large HTML Document</title>
</head>
<body>
    <h1>Very Large Document for Stress Testing</h1>

    <p>This is an extremely large HTML document designed to test the chunking behavior with substantial content that will definitely exceed chunk size limits multiple times over. The document contains various HTML elements and substantial text content to ensure proper chunking behavior under stress conditions.</p>

    <h2>Introduction and Overview</h2>

--- Chunk 2 ---
Metadata: {heading2=Introduction and Overview, index=1, id=4577, heading1=Very Large Document for Stress Testing}


    <p>Lorem ipsum dolor sit amet, consectetur adipiscing elit, sed do eiusmod tempor incididunt ut labore et dolore magna aliqua. Ut enim ad minim veniam, quis nostrud exercitation ullamco laboris nisi ut aliquip ex ea commodo consequat. Duis aute irure dolor in reprehenderit in voluptate velit esse cillum dolore eu fugiat nulla pariatur. Excepteur sint occaecat cupidatat non proident, sunt in culpa qui officia deserunt mollit anim id est laborum. Sed ut perspiciatis unde omnis iste natus

--- Chunk 3 ---
Metadata: {heading2=Introduction and Overview, index=2, id=4652, heading1=Very Large Document for Stress Testing}
 error sit voluptatem accusantium doloremque laudantium, totam rem aperiam, eaque ipsa quae ab illo inventore veritatis et quasi architecto beatae vitae dicta sunt explicabo. Nemo enim ipsam voluptatem quia voluptas sit aspernatur aut odit aut fugit, sed quia consequuntur magni dolores eos qui ratione voluptatem sequi nesciunt. Neque porro quisquam est, qui dolorem ipsum quia dolor sit amet, consectetur, adipisci velit, sed quia non numquam eius modi tempora incidunt ut labore et dolore magnam

--- Chunk 4 ---
Metadata: {heading2=Introduction and Overview, index=3, id=4726, heading1=Very Large Document for Stress Testing}
 aliquam quaerat voluptatem.</p>

    <p>Ut enim ad minima veniam, quis nostrum exercitationem ullam corporis suscipit laboriosam, nisi ut aliquid ex ea commodi consequatur? Quis autem vel eum iure reprehenderit qui in ea voluptate velit esse quam nihil molestiae consequatur, vel illum qui dolorem eum fugiat quo voluptas nulla pariatur? At vero eos et accusamus et iusto odio dignissimos ducimus qui blanditiis praesentium voluptatum deleniti atque corrupti quos dolores et quas molestias excepturi

--- Chunk 5 ---
Metadata: {heading2=Introduction and Overview, index=4, id=4795, heading1=Very Large Document for Stress Testing}
 sint occaecati cupiditate non provident, similique sunt in culpa qui officia deserunt mollitia animi, id est laborum et dolorum fuga.</p>

    <h3>Detailed Analysis Section</h3>

    <p>Et harum quidem rerum facilis est et expedita distinctio. Nam libero tempore, cum soluta nobis est eligendi optio cumque nihil impedit quo minus id quod maxime placeat facere possimus, omnis voluptas assumenda est, omnis dolor repellendus. Temporibus autem quibusdam et aut officiis debitis aut rerum

--- Chunk 6 ---
Metadata: {heading2=Introduction and Overview, heading3=Detailed Analysis Section, index=5, id=4864, heading1=Very Large Document for Stress Testing}
 necessitatibus saepe eveniet ut et voluptates repudiandae sint et molestiae non recusandae. Itaque earum rerum hic tenetur a sapiente delectus, ut aut reiciendis voluptatibus maiores alias consequatur aut perferendis doloribus asperiores repellat. Sed ut perspiciatis unde omnis iste natus error sit voluptatem accusantium doloremque laudantium, totam rem aperiam, eaque ipsa quae ab illo inventore veritatis et quasi architecto beatae vitae dicta sunt explicabo.</p>

    <p>Nemo enim ipsam

--- Chunk 7 ---
Metadata: {heading2=Introduction and Overview, heading3=Detailed Analysis Section, index=6, id=4939, heading1=Very Large Document for Stress Testing}
 voluptatem quia voluptas sit aspernatur aut odit aut fugit, sed quia consequuntur magni dolores eos qui ratione voluptatem sequi nesciunt. Neque porro quisquam est, qui dolorem ipsum quia dolor sit amet, consectetur, adipisci velit, sed quia non numquam eius modi tempora incidunt ut labore et dolore magnam aliquam quaerat voluptatem. Ut enim ad minima veniam, quis nostrum exercitationem ullam corporis suscipit laboriosam, nisi ut aliquid ex ea commodi consequatur? Quis autem vel eum iure

--- Chunk 8 ---
Metadata: {index=7, heading1=Very Large Document for Stress Testing, id=5009}
 reprehenderit qui in ea voluptate velit esse quam nihil molestiae consequatur, vel illum qui dolorem eum fugiat quo voluptas nulla pariatur?</p>

    <h2>Extended Content Section One</h2>

    <p>At vero eos et accusamus et iusto odio dignissimos ducimus qui blanditiis praesentium voluptatum deleniti atque corrupti quos dolores et quas molestias excepturi sint occaecati cupiditate non provident, similique sunt in culpa qui officia deserunt mollitia animi, id est laborum et dolorum fuga. Et

--- Chunk 9 ---
Metadata: {heading2=Extended Content Section One, index=8, id=5076, heading1=Very Large Document for Stress Testing}
 harum quidem rerum facilis est et expedita distinctio. Nam libero tempore, cum soluta nobis est eligendi optio cumque nihil impedit quo minus id quod maxime placeat facere possimus, omnis voluptas assumenda est, omnis dolor repellendus. Temporibus autem quibusdam et aut officiis debitis aut rerum necessitatibus saepe eveniet ut et voluptates repudiandae sint et molestiae non recusandae.</p>

    <h3>Subsection with Extensive Detail</h3>

    <p>Itaque earum rerum hic tenetur a sapiente

--- Chunk 10 ---
Metadata: {heading2=Extended Content Section One, heading3=Subsection with Extensive Detail, index=9, id=5148, heading1=Very Large Document for Stress Testing}
 delectus, ut aut reiciendis voluptatibus maiores alias consequatur aut perferendis doloribus asperiores repellat. Lorem ipsum dolor sit amet, consectetur adipiscing elit, sed do eiusmod tempor incididunt ut labore et dolore magna aliqua. Ut enim ad minim veniam, quis nostrud exercitation ullamco laboris nisi ut aliquip ex ea commodo consequat. Duis aute irure dolor in reprehenderit in voluptate velit esse cillum dolore eu fugiat nulla pariatur. Excepteur sint occaecat cupidatat non proident,

--- Chunk 11 ---
Metadata: {heading2=Extended Content Section One, heading3=Subsection with Extensive Detail, index=10, id=5224, heading1=Very Large Document for Stress Testing}
 sunt in culpa qui officia deserunt mollit anim id est laborum.</p>

    <p>Sed ut perspiciatis unde omnis iste natus error sit voluptatem accusantium doloremque laudantium, totam rem aperiam, eaque ipsa quae ab illo inventore veritatis et quasi architecto beatae vitae dicta sunt explicabo. Nemo enim ipsam voluptatem quia voluptas sit aspernatur aut odit aut fugit, sed quia consequuntur magni dolores eos qui ratione voluptatem sequi nesciunt. Neque porro quisquam est, qui dolorem ipsum quia

--- Chunk 12 ---
Metadata: {heading2=Extended Content Section One, heading3=Subsection with Extensive Detail, index=11, id=5296, heading1=Very Large Document for Stress Testing}
 dolor sit amet, consectetur, adipisci velit, sed quia non numquam eius modi tempora incidunt ut labore et dolore magnam aliquam quaerat voluptatem.</p>

    <h4>Deep Subsection Analysis</h4>

    <p>Ut enim ad minima veniam, quis nostrum exercitationem ullam corporis suscipit laboriosam, nisi ut aliquid ex ea commodi consequatur? Quis autem vel eum iure reprehenderit qui in ea voluptate velit esse quam nihil molestiae consequatur, vel illum qui dolorem eum fugiat quo voluptas nulla pariatur? At

--- Chunk 13 ---
Metadata: {index=12, heading1=Very Large Document for Stress Testing, id=5367}
 vero eos et accusamus et iusto odio dignissimos ducimus qui blanditiis praesentium voluptatum deleniti atque corrupti quos dolores et quas molestias excepturi sint occaecati cupiditate non provident.</p>

    <h2>Extended Content Section Two</h2>

    <p>Similique sunt in culpa qui officia deserunt mollitia animi, id est laborum et dolorum fuga. Et harum quidem rerum facilis est et expedita distinctio. Nam libero tempore, cum soluta nobis est eligendi optio cumque nihil impedit quo minus id

--- Chunk 14 ---
Metadata: {heading2=Extended Content Section Two, index=13, id=5430, heading1=Very Large Document for Stress Testing}
 quod maxime placeat facere possimus, omnis voluptas assumenda est, omnis dolor repellendus. Temporibus autem quibusdam et aut officiis debitis aut rerum necessitatibus saepe eveniet ut et voluptates repudiandae sint et molestiae non recusandae. Itaque earum rerum hic tenetur a sapiente delectus, ut aut reiciendis voluptatibus maiores alias consequatur aut perferendis doloribus asperiores repellat.</p>

    <h3>Another Comprehensive Subsection</h3>

    <p>Lorem ipsum dolor sit amet, consectetur

--- Chunk 15 ---
Metadata: {heading2=Extended Content Section Two, heading3=Another Comprehensive Subsection, index=14, id=5506, heading1=Very Large Document for Stress Testing}
 adipiscing elit, sed do eiusmod tempor incididunt ut labore et dolore magna aliqua. Ut enim ad minim veniam, quis nostrud exercitation ullamco laboris nisi ut aliquip ex ea commodo consequat. Duis aute irure dolor in reprehenderit in voluptate velit esse cillum dolore eu fugiat nulla pariatur. Excepteur sint occaecat cupidatat non proident, sunt in culpa qui officia deserunt mollit anim id est laborum. Sed ut perspiciatis unde omnis iste natus error sit voluptatem accusantium doloremque

--- Chunk 16 ---
Metadata: {heading2=Extended Content Section Two, heading3=Another Comprehensive Subsection, index=15, id=5528, heading1=Very Large Document for Stress Testing}
 laudantium, totam rem aperiam, eaque ipsa quae ab illo inventore veritatis et quasi architecto beatae vitae dicta sunt explicabo.</p>

    

--- Chunk 17 ---
Metadata: {index=16, heading1=Very Large Document for Stress Testing, id=5532}
<p>Nemo enim ipsam voluptatem quia voluptas sit aspernatur aut odit aut fugit, sed quia consequuntur magni dolores eos qui ratione voluptatem sequi nesciunt. Neque porro quisquam est, qui dolorem ipsum quia dolor sit amet, consectetur, adipisci velit, sed quia non numquam eius modi tempora incidunt ut labore et dolore magnam aliquam quaerat voluptatem. Ut enim ad minima veniam, quis nostrum exercitationem ullam corporis suscipit laboriosam, nisi ut aliquid ex ea commodi consequatur?</p>

    

--- Chunk 18 ---
Metadata: {heading2=Final Extended Section, index=17, id=5604, heading1=Very Large Document for Stress Testing}
<h2>Final Extended Section</h2>

    <p>Quis autem vel eum iure reprehenderit qui in ea voluptate velit esse quam nihil molestiae consequatur, vel illum qui dolorem eum fugiat quo voluptas nulla pariatur? At vero eos et accusamus et iusto odio dignissimos ducimus qui blanditiis praesentium voluptatum deleniti atque corrupti quos dolores et quas molestias excepturi sint occaecati cupiditate non provident, similique sunt in culpa qui officia deserunt mollitia animi, id est laborum et dolorum fuga.

--- Chunk 19 ---
Metadata: {heading2=Final Extended Section, index=18, id=5672, heading1=Very Large Document for Stress Testing}
 Et harum quidem rerum facilis est et expedita distinctio. Nam libero tempore, cum soluta nobis est eligendi optio cumque nihil impedit quo minus id quod maxime placeat facere possimus, omnis voluptas assumenda est, omnis dolor repellendus.</p>

    <h3>Concluding Thoughts and Summary</h3>

    <p>Temporibus autem quibusdam et aut officiis debitis aut rerum necessitatibus saepe eveniet ut et voluptates repudiandae sint et molestiae non recusandae. Itaque earum rerum hic tenetur a sapiente

--- Chunk 20 ---
Metadata: {heading2=Final Extended Section, heading3=Concluding Thoughts and Summary, index=19, id=5742, heading1=Very Large Document for Stress Testing}
 delectus, ut aut reiciendis voluptatibus maiores alias consequatur aut perferendis doloribus asperiores repellat. Sed ut perspiciatis unde omnis iste natus error sit voluptatem accusantium doloremque laudantium, totam rem aperiam, eaque ipsa quae ab illo inventore veritatis et quasi architecto beatae vitae dicta sunt explicabo. Nemo enim ipsam voluptatem quia voluptas sit aspernatur aut odit aut fugit, sed quia consequuntur magni dolores eos qui ratione voluptatem sequi nesciunt.</p>

    

--- Chunk 21 ---
Metadata: {heading2=Final Extended Section, heading3=Concluding Thoughts and Summary, index=20, id=5745, heading1=Very Large Document for Stress Testing}
<p>This concludes the very large HTML document designed for stress testing the chunker implementation. The content should be substantial enough to create multiple chunks and test various edge cases in the chunking algorithm.</p>
</body>
</html>
